[0.018s] Invoking command in '/workspace/build/parol6': /usr/bin/cmake /workspace/PAROL6 -DCMAKE_C_COMPILER_LAUNCHER=ccache -DCMAKE_CXX_COMPILER_LAUNCHER=ccache -DCMAKE_INSTALL_PREFIX=/workspace/install/parol6
[0.042s] -- Found ament_cmake: 1.3.11 (/opt/ros/humble/share/ament_cmake/cmake)
[0.197s] -- Found Python3: /usr/bin/python3 (found version "3.10.12") found components: Interpreter 
[0.367s] Error parsing '/workspace/PAROL6/package.xml':
[0.367s] Traceback (most recent call last):
[0.367s]   File "/usr/lib/python3/dist-packages/catkin_pkg/package.py", line 610, in parse_package_string
[0.368s]     root = dom.parseString(data)
[0.368s]   File "/usr/lib/python3.10/xml/dom/minidom.py", line 2000, in parseString
[0.369s]     return expatbuilder.parseString(string)
[0.369s]   File "/usr/lib/python3.10/xml/dom/expatbuilder.py", line 925, in parseString
[0.370s]     return builder.parseString(string)
[0.370s]   File "/usr/lib/python3.10/xml/dom/expatbuilder.py", line 223, in parseString
[0.370s]     parser.Parse(string, True)
[0.370s] xml.parsers.expat.ExpatError: mismatched tag: line 36, column 4
[0.370s] 
[0.370s] During handling of the above exception, another exception occurred:
[0.370s] 
[0.370s] Traceback (most recent call last):
[0.370s]   File "/opt/ros/humble/share/ament_cmake_core/cmake/core/package_xml_2_cmake.py", line 150, in <module>
[0.371s]     main()
[0.371s]   File "/opt/ros/humble/share/ament_cmake_core/cmake/core/package_xml_2_cmake.py", line 53, in main
[0.371s]     raise e
[0.371s]   File "/opt/ros/humble/share/ament_cmake_core/cmake/core/package_xml_2_cmake.py", line 49, in main
[0.371s]     package = parse_package_string(
[0.371s]   File "/usr/lib/python3/dist-packages/catkin_pkg/package.py", line 612, in parse_package_string
[0.371s]     raise InvalidPackage('The manifest contains invalid XML:\n%s' % ex, filename)
[0.371s] catkin_pkg.package.InvalidPackage: Error(s) in package '/workspace/PAROL6/package.xml':
[0.371s] The manifest contains invalid XML:
[0.371s] mismatched tag: line 36, column 4
[0.378s] [31mCMake Error at /opt/ros/humble/share/ament_cmake_core/cmake/core/ament_package_xml.cmake:95 (message):
[0.378s]   execute_process(/usr/bin/python3
[0.378s]   /opt/ros/humble/share/ament_cmake_core/cmake/core/package_xml_2_cmake.py
[0.379s]   /workspace/PAROL6/package.xml
[0.379s]   /workspace/build/parol6/ament_cmake_core/package.cmake) returned error code
[0.379s]   1
[0.379s] Call Stack (most recent call first):
[0.379s]   /opt/ros/humble/share/ament_cmake_core/cmake/core/ament_package_xml.cmake:49 (_ament_package_xml)
[0.379s]   /opt/ros/humble/share/ament_cmake_core/cmake/core/ament_package.cmake:63 (ament_package_xml)
[0.379s]   CMakeLists.txt:10 (ament_package)
[0.379s] 
[0.379s] [0m
[0.379s] -- Configuring incomplete, errors occurred!
[0.379s] See also "/workspace/build/parol6/CMakeFiles/CMakeOutput.log".
[0.382s] Invoked command in '/workspace/build/parol6' returned '1': /usr/bin/cmake /workspace/PAROL6 -DCMAKE_C_COMPILER_LAUNCHER=ccache -DCMAKE_CXX_COMPILER_LAUNCHER=ccache -DCMAKE_INSTALL_PREFIX=/workspace/install/parol6
